ARM Linker, RVCT4.0 [Build 524] for uVision [Standard]

==============================================================================

Section Cross References

    main.o(.text) refers to delay.o(.text) for delay_init
    main.o(.text) refers to misc.o(.text) for NVIC_PriorityGroupConfig
    main.o(.text) refers to usart.o(.text) for USART_init
    main.o(.text) refers to led.o(.text) for LED_Init
    main.o(.text) refers to key.o(.text) for KEY_Init
    main.o(.text) refers to exti.o(.text) for EXTIX_Init
    main.o(.text) refers to crc.o(.text) for CRC_Init
    main.o(.text) refers to iwdg.o(.text) for IWDG_init
    system_stm32f10x.o(.text) refers to system_stm32f10x.o(.data) for SystemCoreClock
    stm32f10x_gpio.o(.text) refers to stm32f10x_rcc.o(.text) for RCC_APB2PeriphResetCmd
    stm32f10x_rcc.o(.text) refers to stm32f10x_rcc.o(.data) for .data
    stm32f10x_usart.o(.text) refers to stm32f10x_rcc.o(.text) for RCC_APB2PeriphResetCmd
    startup_stm32f10x_md.o(STACK) refers (Special) to heapauxi.o(.text) for __use_two_region_memory
    startup_stm32f10x_md.o(HEAP) refers (Special) to heapauxi.o(.text) for __use_two_region_memory
    startup_stm32f10x_md.o(RESET) refers (Special) to heapauxi.o(.text) for __use_two_region_memory
    startup_stm32f10x_md.o(RESET) refers to startup_stm32f10x_md.o(STACK) for __initial_sp
    startup_stm32f10x_md.o(RESET) refers to startup_stm32f10x_md.o(.text) for Reset_Handler
    startup_stm32f10x_md.o(RESET) refers to stm32f10x_it.o(.text) for NMI_Handler
    startup_stm32f10x_md.o(RESET) refers to exti.o(.text) for EXTI0_IRQHandler
    startup_stm32f10x_md.o(RESET) refers to usart.o(.text) for USART1_IRQHandler
    startup_stm32f10x_md.o(.text) refers (Special) to heapauxi.o(.text) for __use_two_region_memory
    startup_stm32f10x_md.o(.text) refers to system_stm32f10x.o(.text) for SystemInit
    startup_stm32f10x_md.o(.text) refers to __main.o(!!!main) for __main
    startup_stm32f10x_md.o(.text) refers to startup_stm32f10x_md.o(HEAP) for Heap_Mem
    startup_stm32f10x_md.o(.text) refers to startup_stm32f10x_md.o(STACK) for Stack_Mem
    delay.o(.text) refers to misc.o(.text) for SysTick_CLKSourceConfig
    delay.o(.text) refers to iwdg.o(.text) for IWDG_reload
    delay.o(.text) refers to system_stm32f10x.o(.data) for SystemCoreClock
    delay.o(.text) refers to delay.o(.data) for .data
    led.o(.text) refers to stm32f10x_rcc.o(.text) for RCC_APB2PeriphClockCmd
    led.o(.text) refers to stm32f10x_gpio.o(.text) for GPIO_Init
    exti.o(.text) refers to stm32f10x_rcc.o(.text) for RCC_APB2PeriphClockCmd
    exti.o(.text) refers to stm32f10x_gpio.o(.text) for GPIO_EXTILineConfig
    exti.o(.text) refers to stm32f10x_exti.o(.text) for EXTI_Init
    exti.o(.text) refers to misc.o(.text) for NVIC_Init
    exti.o(.text) refers to delay.o(.text) for delay_ms
    exti.o(.text) refers to usart.o(.text) for vm_power_press
    exti.o(.text) refers to key.o(.text) for physical_power_press
    exti.o(.text) refers to exti.o(.data) for reset_press_flag
    exti.o(.text) refers to exti.o(.bss) for power_press_ms
    exti.o(.text) refers to delay.o(.data) for g_systickmsec
    key.o(.text) refers to stm32f10x_rcc.o(.text) for RCC_APB2PeriphClockCmd
    key.o(.text) refers to stm32f10x_gpio.o(.text) for GPIO_Init
    key.o(.text) refers to delay.o(.text) for delay_ms_with_dog
    crc.o(.text) refers to stm32f10x_rcc.o(.text) for RCC_AHBPeriphClockCmd
    usart.o(.text) refers (Special) to use_no_semi_2.o(.text) for __use_no_semihosting
    usart.o(.text) refers (Special) to _printf_dec.o(.text) for _printf_int_dec
    usart.o(.text) refers (Special) to _printf_percent.o(.ARM.Collect$$_printf_percent$$00000000) for _printf_percent
    usart.o(.text) refers (Special) to _printf_u.o(.ARM.Collect$$_printf_percent$$0000000A) for _printf_u
    usart.o(.text) refers to stm32f10x_usart.o(.text) for USART_GetFlagStatus
    usart.o(.text) refers to stm32f10x_rcc.o(.text) for RCC_APB2PeriphClockCmd
    usart.o(.text) refers to stm32f10x_gpio.o(.text) for GPIO_Init
    usart.o(.text) refers to misc.o(.text) for NVIC_Init
    usart.o(.text) refers to strtok.o(.text) for strtok
    usart.o(.text) refers to strcmpv7m.o(.text) for strcmp
    usart.o(.text) refers to noretval__2sprintf.o(.text) for __2sprintf
    usart.o(.text) refers to rand.o(.text) for srand
    usart.o(.text) refers to stm32f10x_crc.o(.text) for CRC_CalcBlockCRC
    usart.o(.text) refers to noretval__2printf.o(.text) for __2printf
    usart.o(.text) refers to rt_memclr.o(.text) for __aeabi_memclr
    usart.o(.text) refers to key.o(.text) for physical_power_press
    usart.o(.text) refers to delay.o(.text) for delay_ms_with_dog
    usart.o(.text) refers to usart.o(.data) for g_token
    usart.o(.text) refers to delay.o(.data) for g_systickmsec
    usart.o(.text) refers to usart.o(.bss) for USART_RX_BUF
    usart.o(.bss) refers (Special) to use_no_semi_2.o(.text) for __use_no_semihosting
    usart.o(.bss) refers (Special) to _printf_dec.o(.text) for _printf_int_dec
    usart.o(.bss) refers (Special) to _printf_percent.o(.ARM.Collect$$_printf_percent$$00000000) for _printf_percent
    usart.o(.bss) refers (Special) to _printf_u.o(.ARM.Collect$$_printf_percent$$0000000A) for _printf_u
    usart.o(.data) refers (Special) to use_no_semi_2.o(.text) for __use_no_semihosting
    usart.o(.data) refers (Special) to _printf_dec.o(.text) for _printf_int_dec
    usart.o(.data) refers (Special) to _printf_percent.o(.ARM.Collect$$_printf_percent$$00000000) for _printf_percent
    usart.o(.data) refers (Special) to _printf_u.o(.ARM.Collect$$_printf_percent$$0000000A) for _printf_u
    iwdg.o(.text) refers to stm32f10x_rcc.o(.text) for RCC_GetFlagStatus
    iwdg.o(.text) refers to stm32f10x_iwdg.o(.text) for IWDG_WriteAccessCmd
    iwdg.o(.text) refers to iwdg.o(.data) for LsiFreq
    use_no_semi_2.o(.text) refers (Special) to use_no_semi.o(.text) for __use_no_semihosting_swi
    __2printf.o(.text) refers to _printf_char_common.o(.text) for _printf_char_common
    __2printf.o(.text) refers to ferror.o(.text) for ferror
    __2printf.o(.text) refers to usart.o(.data) for __stdout
    __2printf.o(.text) refers to usart.o(.text) for fputc
    __2sprintf.o(.text) refers to _printf_char_common.o(.text) for _printf_char_common
    __2sprintf.o(.text) refers to _sputc.o(.text) for _sputc
    noretval__2printf.o(.text) refers to _printf_char_common.o(.text) for _printf_char_common
    noretval__2printf.o(.text) refers to usart.o(.data) for __stdout
    noretval__2printf.o(.text) refers to usart.o(.text) for fputc
    noretval__2sprintf.o(.text) refers to _printf_char_common.o(.text) for _printf_char_common
    noretval__2sprintf.o(.text) refers to _sputc.o(.text) for _sputc
    __printf.o(.text) refers to _printf_percent.o(.ARM.Collect$$_printf_percent$$00000000) for _printf_percent
    _printf_dec.o(.text) refers to rtudiv10.o(.text) for __rt_udiv10
    _printf_dec.o(.text) refers to _printf_intcommon.o(.text) for _printf_int_common
    __printf_flags.o(.text) refers to _printf_percent.o(.ARM.Collect$$_printf_percent$$00000000) for _printf_percent
    __printf_flags.o(.text) refers to __printf_flags.o(.constdata) for .constdata
    __printf_ss.o(.text) refers to _printf_percent.o(.ARM.Collect$$_printf_percent$$00000000) for _printf_percent
    __printf_flags_ss.o(.text) refers to _printf_percent.o(.ARM.Collect$$_printf_percent$$00000000) for _printf_percent
    __printf_flags_ss.o(.text) refers to __printf_flags_ss.o(.constdata) for .constdata
    __printf_wp.o(.text) refers to _printf_percent.o(.ARM.Collect$$_printf_percent$$00000000) for _printf_percent
    __printf_flags_wp.o(.text) refers to _printf_percent.o(.ARM.Collect$$_printf_percent$$00000000) for _printf_percent
    __printf_flags_wp.o(.text) refers to __printf_flags_wp.o(.constdata) for .constdata
    __printf_ss_wp.o(.text) refers to _printf_percent.o(.ARM.Collect$$_printf_percent$$00000000) for _printf_percent
    __printf_flags_ss_wp.o(.text) refers to _printf_percent.o(.ARM.Collect$$_printf_percent$$00000000) for _printf_percent
    __printf_flags_ss_wp.o(.text) refers to __printf_flags_ss_wp.o(.constdata) for .constdata
    _printf_u.o(.ARM.Collect$$_printf_percent$$0000000A) refers (Weak) to _printf_dec.o(.text) for _printf_int_dec
    _printf_percent.o(.ARM.Collect$$_printf_percent$$00000000) refers (Special) to _printf_percent_end.o(.ARM.Collect$$_printf_percent$$00000017) for _printf_percent_end
    rand.o(.text) refers (Special) to libinit2.o(.ARM.Collect$$libinit$$00000009) for __rt_lib_init_rand_2
    rand.o(.text) refers to rand.o(.data) for .data
    rand.o(.text) refers to rand.o(.bss) for .bss
    rand.o(.bss) refers (Special) to libinit2.o(.ARM.Collect$$libinit$$00000009) for __rt_lib_init_rand_2
    rand.o(.data) refers (Special) to libinit2.o(.ARM.Collect$$libinit$$00000009) for __rt_lib_init_rand_2
    strtok.o(.text) refers to strtok_int.o(.text) for __strtok_internal
    strtok.o(.text) refers to strtok.o(.data) for .data
    rt_memclr.o(.text) refers to rt_memclr_w.o(.text) for _memset_w
    __main.o(!!!main) refers to rtentry.o(.ARM.Collect$$rtentry$$00000000) for __rt_entry
    rtentry.o(.ARM.Collect$$rtentry$$00000000) refers (Special) to rtentry2.o(.ARM.Collect$$rtentry$$0000000A) for __rt_entry_li
    rtentry.o(.ARM.Collect$$rtentry$$00000000) refers (Special) to rtentry2.o(.ARM.Collect$$rtentry$$0000000D) for __rt_entry_main
    rtentry.o(.ARM.Collect$$rtentry$$00000000) refers (Special) to rtentry2.o(.ARM.Collect$$rtentry$$0000000C) for __rt_entry_postli_1
    rtentry.o(.ARM.Collect$$rtentry$$00000000) refers (Special) to rtentry2.o(.ARM.Collect$$rtentry$$00000009) for __rt_entry_postsh_1
    rtentry.o(.ARM.Collect$$rtentry$$00000000) refers (Special) to rtentry2.o(.ARM.Collect$$rtentry$$00000002) for __rt_entry_presh_1
    rtentry.o(.ARM.Collect$$rtentry$$00000000) refers (Special) to rtentry4.o(.ARM.Collect$$rtentry$$00000004) for __rt_entry_sh
    rtentry.o(.ARM.exidx) refers (Special) to rtentry2.o(.ARM.Collect$$rtentry$$0000000A) for __rt_entry_li
    rtentry.o(.ARM.exidx) refers (Special) to rtentry2.o(.ARM.Collect$$rtentry$$0000000D) for __rt_entry_main
    rtentry.o(.ARM.exidx) refers (Special) to rtentry2.o(.ARM.Collect$$rtentry$$0000000C) for __rt_entry_postli_1
    rtentry.o(.ARM.exidx) refers (Special) to rtentry2.o(.ARM.Collect$$rtentry$$00000009) for __rt_entry_postsh_1
    rtentry.o(.ARM.exidx) refers (Special) to rtentry2.o(.ARM.Collect$$rtentry$$00000002) for __rt_entry_presh_1
    rtentry.o(.ARM.exidx) refers (Special) to rtentry4.o(.ARM.Collect$$rtentry$$00000004) for __rt_entry_sh
    rtentry.o(.ARM.exidx) refers to rtentry.o(.ARM.Collect$$rtentry$$00000000) for .ARM.Collect$$rtentry$$00000000
    _printf_char_common.o(.text) refers to __printf.o(.text) for __printf
    strtok_int.o(.text) refers to strspn.o(.text) for strspn
    strtok_int.o(.text) refers to strcspn.o(.text) for strcspn
    libinit2.o(.ARM.Collect$$libinit$$00000009) refers (Weak) to rand.o(.text) for _rand_init
    libinit2.o(.ARM.Collect$$libinit$$0000000C) refers to libinit2.o(.ARM.Collect$$libinit$$0000000B) for .ARM.Collect$$libinit$$0000000B
    libinit2.o(.ARM.Collect$$libinit$$0000000E) refers to libinit2.o(.ARM.Collect$$libinit$$0000000B) for .ARM.Collect$$libinit$$0000000B
    libinit2.o(.ARM.Collect$$libinit$$00000010) refers to libinit2.o(.ARM.Collect$$libinit$$0000000B) for .ARM.Collect$$libinit$$0000000B
    libinit2.o(.ARM.Collect$$libinit$$00000012) refers to libinit2.o(.ARM.Collect$$libinit$$0000000B) for .ARM.Collect$$libinit$$0000000B
    libinit2.o(.ARM.Collect$$libinit$$00000014) refers to libinit2.o(.ARM.Collect$$libinit$$0000000B) for .ARM.Collect$$libinit$$0000000B
    libinit2.o(.ARM.Collect$$libinit$$00000022) refers to argv_veneer.o(.emb_text) for __ARM_argv_veneer
    libinit2.o(.ARM.Collect$$libinit$$00000023) refers to argv_veneer.o(.emb_text) for __ARM_argv_veneer
    rtentry2.o(.ARM.Collect$$rtentry$$00000008) refers to boardinit2.o(.text) for _platform_post_stackheap_init
    rtentry2.o(.ARM.Collect$$rtentry$$0000000A) refers to libinit.o(.ARM.Collect$$libinit$$00000000) for __rt_lib_init
    rtentry2.o(.ARM.Collect$$rtentry$$0000000B) refers to boardinit3.o(.text) for _platform_post_lib_init
    rtentry2.o(.ARM.Collect$$rtentry$$0000000D) refers to main.o(.text) for main
    rtentry2.o(.ARM.Collect$$rtentry$$0000000D) refers to exit.o(.text) for exit
    rtentry2.o(.ARM.exidx) refers to rtentry2.o(.ARM.Collect$$rtentry$$00000001) for .ARM.Collect$$rtentry$$00000001
    rtentry2.o(.ARM.exidx) refers to rtentry2.o(.ARM.Collect$$rtentry$$00000002) for .ARM.Collect$$rtentry$$00000002
    rtentry2.o(.ARM.exidx) refers to rtentry2.o(.ARM.Collect$$rtentry$$00000008) for .ARM.Collect$$rtentry$$00000008
    rtentry2.o(.ARM.exidx) refers to rtentry2.o(.ARM.Collect$$rtentry$$00000009) for .ARM.Collect$$rtentry$$00000009
    rtentry2.o(.ARM.exidx) refers to rtentry2.o(.ARM.Collect$$rtentry$$0000000A) for .ARM.Collect$$rtentry$$0000000A
    rtentry2.o(.ARM.exidx) refers to rtentry2.o(.ARM.Collect$$rtentry$$0000000B) for .ARM.Collect$$rtentry$$0000000B
    rtentry2.o(.ARM.exidx) refers to rtentry2.o(.ARM.Collect$$rtentry$$0000000C) for .ARM.Collect$$rtentry$$0000000C
    rtentry2.o(.ARM.exidx) refers to rtentry2.o(.ARM.Collect$$rtentry$$0000000D) for .ARM.Collect$$rtentry$$0000000D
    rtentry4.o(.ARM.Collect$$rtentry$$00000004) refers to sys_stackheap_outer.o(.text) for __user_setup_stackheap
    rtentry4.o(.ARM.exidx) refers to rtentry4.o(.ARM.Collect$$rtentry$$00000004) for .ARM.Collect$$rtentry$$00000004
    argv_veneer.o(.emb_text) refers to no_argv.o(.text) for __ARM_get_argv
    sys_stackheap_outer.o(.text) refers to libspace.o(.text) for __user_perproc_libspace
    sys_stackheap_outer.o(.text) refers to startup_stm32f10x_md.o(.text) for __user_initial_stackheap
    exit.o(.text) refers to rtexit.o(.ARM.Collect$$rtexit$$00000000) for __rt_exit
    _get_argv_nomalloc.o(.text) refers (Special) to hrguard.o(.text) for __heap_region$guard
    _get_argv_nomalloc.o(.text) refers to defsig_rtmem_outer.o(.text) for __rt_SIGRTMEM
    _get_argv_nomalloc.o(.text) refers to sys_command.o(.text) for _sys_command_string
    libinit.o(.ARM.Collect$$libinit$$00000000) refers (Special) to libinit2.o(.ARM.Collect$$libinit$$0000002A) for __rt_lib_init_alloca_1
    libinit.o(.ARM.Collect$$libinit$$00000000) refers (Special) to libinit2.o(.ARM.Collect$$libinit$$00000028) for __rt_lib_init_argv_1
    libinit.o(.ARM.Collect$$libinit$$00000000) refers (Special) to libinit2.o(.ARM.Collect$$libinit$$00000017) for __rt_lib_init_atexit_1
    libinit.o(.ARM.Collect$$libinit$$00000000) refers (Special) to libinit2.o(.ARM.Collect$$libinit$$0000001D) for __rt_lib_init_clock_1
    libinit.o(.ARM.Collect$$libinit$$00000000) refers (Special) to libinit2.o(.ARM.Collect$$libinit$$0000002E) for __rt_lib_init_cpp_1
    libinit.o(.ARM.Collect$$libinit$$00000000) refers (Special) to libinit2.o(.ARM.Collect$$libinit$$0000002C) for __rt_lib_init_exceptions_1
    libinit.o(.ARM.Collect$$libinit$$00000000) refers (Special) to libinit2.o(.ARM.Collect$$libinit$$0000001B) for __rt_lib_init_fp_trap_1
    libinit.o(.ARM.Collect$$libinit$$00000000) refers (Special) to libinit2.o(.ARM.Collect$$libinit$$0000001F) for __rt_lib_init_getenv_1
    libinit.o(.ARM.Collect$$libinit$$00000000) refers (Special) to libinit2.o(.ARM.Collect$$libinit$$00000006) for __rt_lib_init_heap_1
    libinit.o(.ARM.Collect$$libinit$$00000000) refers (Special) to libinit2.o(.ARM.Collect$$libinit$$0000000D) for __rt_lib_init_lc_collate_1
    libinit.o(.ARM.Collect$$libinit$$00000000) refers (Special) to libinit2.o(.ARM.Collect$$libinit$$0000000F) for __rt_lib_init_lc_ctype_1
    libinit.o(.ARM.Collect$$libinit$$00000000) refers (Special) to libinit2.o(.ARM.Collect$$libinit$$00000011) for __rt_lib_init_lc_monetary_1
    libinit.o(.ARM.Collect$$libinit$$00000000) refers (Special) to libinit2.o(.ARM.Collect$$libinit$$00000013) for __rt_lib_init_lc_numeric_1
    libinit.o(.ARM.Collect$$libinit$$00000000) refers (Special) to libinit2.o(.ARM.Collect$$libinit$$00000015) for __rt_lib_init_lc_time_1
    libinit.o(.ARM.Collect$$libinit$$00000000) refers (Special) to libinit2.o(.ARM.Collect$$libinit$$0000000A) for __rt_lib_init_rand_1
    libinit.o(.ARM.Collect$$libinit$$00000000) refers (Special) to libinit2.o(.ARM.Collect$$libinit$$0000002F) for __rt_lib_init_return
    libinit.o(.ARM.Collect$$libinit$$00000000) refers (Special) to libinit2.o(.ARM.Collect$$libinit$$00000019) for __rt_lib_init_signal_1
    libinit.o(.ARM.Collect$$libinit$$00000000) refers (Special) to libinit2.o(.ARM.Collect$$libinit$$00000021) for __rt_lib_init_stdio_1
    libinit.o(.ARM.Collect$$libinit$$00000000) refers (Special) to libinit2.o(.ARM.Collect$$libinit$$00000008) for __rt_lib_init_user_alloc_1
    sys_command.o(.text) refers (Special) to use_no_semi.o(.text) for __I$use$semihosting
    libspace.o(.text) refers to libspace.o(.bss) for __libspace_start
    rtexit.o(.ARM.Collect$$rtexit$$00000000) refers (Special) to rtexit2.o(.ARM.Collect$$rtexit$$00000004) for __rt_exit_exit
    rtexit.o(.ARM.Collect$$rtexit$$00000000) refers (Special) to rtexit2.o(.ARM.Collect$$rtexit$$00000003) for __rt_exit_ls
    rtexit.o(.ARM.Collect$$rtexit$$00000000) refers (Special) to rtexit2.o(.ARM.Collect$$rtexit$$00000002) for __rt_exit_prels_1
    rtexit.o(.ARM.exidx) refers (Special) to rtexit2.o(.ARM.Collect$$rtexit$$00000004) for __rt_exit_exit
    rtexit.o(.ARM.exidx) refers (Special) to rtexit2.o(.ARM.Collect$$rtexit$$00000003) for __rt_exit_ls
    rtexit.o(.ARM.exidx) refers (Special) to rtexit2.o(.ARM.Collect$$rtexit$$00000002) for __rt_exit_prels_1
    rtexit.o(.ARM.exidx) refers to rtexit.o(.ARM.Collect$$rtexit$$00000000) for .ARM.Collect$$rtexit$$00000000
    defsig_rtmem_outer.o(.text) refers to defsig_rtmem_inner.o(.text) for __rt_SIGRTMEM_inner
    defsig_rtmem_outer.o(.text) refers to defsig_exit.o(.text) for __sig_exit
    defsig_rtmem_formal.o(.text) refers to rt_raise.o(.text) for __rt_raise
    rtexit2.o(.ARM.Collect$$rtexit$$00000003) refers to libshutdown.o(.ARM.Collect$$libshutdown$$00000000) for __rt_lib_shutdown
    rtexit2.o(.ARM.Collect$$rtexit$$00000004) refers to usart.o(.text) for _sys_exit
    rtexit2.o(.ARM.exidx) refers to rtexit2.o(.ARM.Collect$$rtexit$$00000001) for .ARM.Collect$$rtexit$$00000001
    rtexit2.o(.ARM.exidx) refers to rtexit2.o(.ARM.Collect$$rtexit$$00000002) for .ARM.Collect$$rtexit$$00000002
    rtexit2.o(.ARM.exidx) refers to rtexit2.o(.ARM.Collect$$rtexit$$00000003) for .ARM.Collect$$rtexit$$00000003
    rtexit2.o(.ARM.exidx) refers to rtexit2.o(.ARM.Collect$$rtexit$$00000004) for .ARM.Collect$$rtexit$$00000004
    rt_raise.o(.text) refers to __raise.o(.text) for __raise
    rt_raise.o(.text) refers to usart.o(.text) for _sys_exit
    defsig_exit.o(.text) refers to usart.o(.text) for _sys_exit
    defsig_rtmem_inner.o(.text) refers to defsig_general.o(.text) for __default_signal_display
    __raise.o(.text) refers to defsig.o(CL$$defsig) for __default_signal_handler
    defsig_general.o(.text) refers to sys_wrch.o(.text) for _ttywrch
    libshutdown.o(.ARM.Collect$$libshutdown$$00000000) refers (Special) to libshutdown2.o(.ARM.Collect$$libshutdown$$00000006) for __rt_lib_shutdown_fp_trap_1
    libshutdown.o(.ARM.Collect$$libshutdown$$00000000) refers (Special) to libshutdown2.o(.ARM.Collect$$libshutdown$$0000000E) for __rt_lib_shutdown_heap_1
    libshutdown.o(.ARM.Collect$$libshutdown$$00000000) refers (Special) to libshutdown2.o(.ARM.Collect$$libshutdown$$0000000F) for __rt_lib_shutdown_return
    libshutdown.o(.ARM.Collect$$libshutdown$$00000000) refers (Special) to libshutdown2.o(.ARM.Collect$$libshutdown$$00000009) for __rt_lib_shutdown_signal_1
    libshutdown.o(.ARM.Collect$$libshutdown$$00000000) refers (Special) to libshutdown2.o(.ARM.Collect$$libshutdown$$00000003) for __rt_lib_shutdown_stdio_1
    libshutdown.o(.ARM.Collect$$libshutdown$$00000000) refers (Special) to libshutdown2.o(.ARM.Collect$$libshutdown$$0000000B) for __rt_lib_shutdown_user_alloc_1
    sys_wrch.o(.text) refers (Special) to use_no_semi.o(.text) for __I$use$semihosting
    defsig.o(CL$$defsig) refers to defsig_rtmem_inner.o(.text) for __rt_SIGRTMEM_inner
    defsig_abrt_inner.o(.text) refers to defsig_general.o(.text) for __default_signal_display
    defsig_fpe_inner.o(.text) refers to defsig_general.o(.text) for __default_signal_display
    defsig_rtred_inner.o(.text) refers to defsig_general.o(.text) for __default_signal_display
    defsig_stak_inner.o(.text) refers to defsig_general.o(.text) for __default_signal_display
    defsig_pvfn_inner.o(.text) refers to defsig_general.o(.text) for __default_signal_display
    defsig_cppl_inner.o(.text) refers to defsig_general.o(.text) for __default_signal_display
    defsig_segv_inner.o(.text) refers to defsig_general.o(.text) for __default_signal_display
    defsig_other.o(.text) refers to defsig_general.o(.text) for __default_signal_display


==============================================================================

Removing Unused input sections from the image.

    Removing core_cm3.o(.emb_text), (32 bytes).

1 unused section(s) (total 32 bytes) removed from the image.

==============================================================================

Image Symbol Table

    Local Symbols

    Symbol Name                              Value     Ov Type        Size  Object(Section)

    ../../angel/boardlib.s                   0x00000000   Number         0  boardshut.o ABSOLUTE
    ../../angel/boardlib.s                   0x00000000   Number         0  boardinit3.o ABSOLUTE
    ../../angel/boardlib.s                   0x00000000   Number         0  boardinit2.o ABSOLUTE
    ../../angel/boardlib.s                   0x00000000   Number         0  boardinit1.o ABSOLUTE
    ../../angel/handlers.s                   0x00000000   Number         0  __scatter_zi.o ABSOLUTE
    ../../angel/handlers.s                   0x00000000   Number         0  __scatter_copy.o ABSOLUTE
    ../../angel/kernel.s                     0x00000000   Number         0  rtentry4.o ABSOLUTE
    ../../angel/kernel.s                     0x00000000   Number         0  rtentry.o ABSOLUTE
    ../../angel/kernel.s                     0x00000000   Number         0  rtentry2.o ABSOLUTE
    ../../angel/kernel.s                     0x00000000   Number         0  rtexit2.o ABSOLUTE
    ../../angel/kernel.s                     0x00000000   Number         0  rtexit.o ABSOLUTE
    ../../angel/rt.s                         0x00000000   Number         0  rt_raise.o ABSOLUTE
    ../../angel/scatter.s                    0x00000000   Number         0  __scatter.o ABSOLUTE
    ../../angel/startup.s                    0x00000000   Number         0  __main.o ABSOLUTE
    ../../angel/sys.s                        0x00000000   Number         0  use_no_semi.o ABSOLUTE
    ../../angel/sys.s                        0x00000000   Number         0  sys_stackheap_outer.o ABSOLUTE
    ../../angel/sys.s                        0x00000000   Number         0  use_no_semi_2.o ABSOLUTE
    ../../angel/sys.s                        0x00000000   Number         0  libspace.o ABSOLUTE
    ../../angel/sysapp.c                     0x00000000   Number         0  sys_command.o ABSOLUTE
    ../../angel/sysapp.c                     0x00000000   Number         0  sys_wrch.o ABSOLUTE
    ../../armsys.c                           0x00000000   Number         0  argv_veneer.o ABSOLUTE
    ../../armsys.c                           0x00000000   Number         0  argv_veneer.o ABSOLUTE
    ../../armsys.c                           0x00000000   Number         0  _get_argv_nomalloc.o ABSOLUTE
    ../../armsys.c                           0x00000000   Number         0  no_argv.o ABSOLUTE
    ../../division_7m.s                      0x00000000   Number         0  rtudiv10.o ABSOLUTE
    ../../fpinit.s                           0x00000000   Number         0  fpinit.o ABSOLUTE
    ../../heapalloc.c                        0x00000000   Number         0  hrguard.o ABSOLUTE
    ../../heapaux.c                          0x00000000   Number         0  heapauxi.o ABSOLUTE
    ../../libinit.s                          0x00000000   Number         0  libshutdown2.o ABSOLUTE
    ../../libinit.s                          0x00000000   Number         0  libinit2.o ABSOLUTE
    ../../libinit.s                          0x00000000   Number         0  libinit.o ABSOLUTE
    ../../libinit.s                          0x00000000   Number         0  libshutdown.o ABSOLUTE
    ../../memcpset.s                         0x00000000   Number         0  rt_memclr.o ABSOLUTE
    ../../memcpset.s                         0x00000000   Number         0  rt_memclr_w.o ABSOLUTE
    ../../memcpset.s                         0x00000000   Number         0  strcmpv7m.o ABSOLUTE
    ../../printf.c                           0x00000000   Number         0  _printf_dec.o ABSOLUTE
    ../../printf.c                           0x00000000   Number         0  __2sprintf.o ABSOLUTE
    ../../printf.c                           0x00000000   Number         0  noretval__2printf.o ABSOLUTE
    ../../printf.c                           0x00000000   Number         0  __printf_flags.o ABSOLUTE
    ../../printf.c                           0x00000000   Number         0  __printf_ss.o ABSOLUTE
    ../../printf.c                           0x00000000   Number         0  __printf_flags_ss.o ABSOLUTE
    ../../printf.c                           0x00000000   Number         0  __printf_wp.o ABSOLUTE
    ../../printf.c                           0x00000000   Number         0  _printf_intcommon.o ABSOLUTE
    ../../printf.c                           0x00000000   Number         0  __printf_flags_wp.o ABSOLUTE
    ../../printf.c                           0x00000000   Number         0  __printf_ss_wp.o ABSOLUTE
    ../../printf.c                           0x00000000   Number         0  __printf_nopercent.o ABSOLUTE
    ../../printf.c                           0x00000000   Number         0  __printf_flags_ss_wp.o ABSOLUTE
    ../../printf.c                           0x00000000   Number         0  noretval__2sprintf.o ABSOLUTE
    ../../printf.c                           0x00000000   Number         0  _sputc.o ABSOLUTE
    ../../printf.c                           0x00000000   Number         0  __2printf.o ABSOLUTE
    ../../printf.c                           0x00000000   Number         0  __printf.o ABSOLUTE
    ../../printf.c                           0x00000000   Number         0  _printf_char_common.o ABSOLUTE
    ../../printf_percent.s                   0x00000000   Number         0  _printf_u.o ABSOLUTE
    ../../printf_percent.s                   0x00000000   Number         0  _printf_percent.o ABSOLUTE
    ../../printf_percent.s                   0x00000000   Number         0  _printf_percent_end.o ABSOLUTE
    ../../signal.c                           0x00000000   Number         0  defsig_cppl_inner.o ABSOLUTE
    ../../signal.c                           0x00000000   Number         0  defsig_pvfn_inner.o ABSOLUTE
    ../../signal.c                           0x00000000   Number         0  defsig_stak_inner.o ABSOLUTE
    ../../signal.c                           0x00000000   Number         0  defsig_rtred_inner.o ABSOLUTE
    ../../signal.c                           0x00000000   Number         0  defsig_fpe_inner.o ABSOLUTE
    ../../signal.c                           0x00000000   Number         0  defsig_abrt_inner.o ABSOLUTE
    ../../signal.c                           0x00000000   Number         0  __raise.o ABSOLUTE
    ../../signal.c                           0x00000000   Number         0  defsig_rtmem_inner.o ABSOLUTE
    ../../signal.c                           0x00000000   Number         0  defsig_rtmem_formal.o ABSOLUTE
    ../../signal.c                           0x00000000   Number         0  defsig_rtmem_outer.o ABSOLUTE
    ../../signal.c                           0x00000000   Number         0  defsig_exit.o ABSOLUTE
    ../../signal.c                           0x00000000   Number         0  defsig_general.o ABSOLUTE
    ../../signal.c                           0x00000000   Number         0  defsig_other.o ABSOLUTE
    ../../signal.c                           0x00000000   Number         0  defsig_segv_inner.o ABSOLUTE
    ../../signal.s                           0x00000000   Number         0  defsig.o ABSOLUTE
    ../../stdio.c                            0x00000000   Number         0  ferror.o ABSOLUTE
    ../../stdio.c                            0x00000000   Number         0  ferror_locked.o ABSOLUTE
    ../../stdlib.c                           0x00000000   Number         0  exit.o ABSOLUTE
    ../../stdlib.c                           0x00000000   Number         0  rand.o ABSOLUTE
    ../../string.c                           0x00000000   Number         0  strcspn.o ABSOLUTE
    ../../string.c                           0x00000000   Number         0  strtok.o ABSOLUTE
    ../../string.c                           0x00000000   Number         0  strtok_int.o ABSOLUTE
    ../../string.c                           0x00000000   Number         0  strspn.o ABSOLUTE
    ..\CORE\core_cm3.c                       0x00000000   Number         0  core_cm3.o ABSOLUTE
    ..\CORE\startup_stm32f10x_md.s           0x00000000   Number         0  startup_stm32f10x_md.o ABSOLUTE
    ..\DELAY\delay.c                         0x00000000   Number         0  delay.o ABSOLUTE
    ..\FWLIB\src\misc.c                      0x00000000   Number         0  misc.o ABSOLUTE
    ..\FWLIB\src\stm32f10x_crc.c             0x00000000   Number         0  stm32f10x_crc.o ABSOLUTE
    ..\FWLIB\src\stm32f10x_exti.c            0x00000000   Number         0  stm32f10x_exti.o ABSOLUTE
    ..\FWLIB\src\stm32f10x_gpio.c            0x00000000   Number         0  stm32f10x_gpio.o ABSOLUTE
    ..\FWLIB\src\stm32f10x_iwdg.c            0x00000000   Number         0  stm32f10x_iwdg.o ABSOLUTE
    ..\FWLIB\src\stm32f10x_rcc.c             0x00000000   Number         0  stm32f10x_rcc.o ABSOLUTE
    ..\FWLIB\src\stm32f10x_usart.c           0x00000000   Number         0  stm32f10x_usart.o ABSOLUTE
    ..\HARDWARE\CRC\crc.c                    0x00000000   Number         0  crc.o ABSOLUTE
    ..\HARDWARE\EXTI\exti.c                  0x00000000   Number         0  exti.o ABSOLUTE
    ..\HARDWARE\IWDG\iwdg.c                  0x00000000   Number         0  iwdg.o ABSOLUTE
    ..\HARDWARE\KEY\key.c                    0x00000000   Number         0  key.o ABSOLUTE
    ..\HARDWARE\LED\led.c                    0x00000000   Number         0  led.o ABSOLUTE
    ..\HARDWARE\USART\usart.c                0x00000000   Number         0  usart.o ABSOLUTE
    ..\\CORE\\core_cm3.c                     0x00000000   Number         0  core_cm3.o ABSOLUTE
    dc.s                                     0x00000000   Number         0  dc.o ABSOLUTE
    main.c                                   0x00000000   Number         0  main.o ABSOLUTE
    stm32f10x_it.c                           0x00000000   Number         0  stm32f10x_it.o ABSOLUTE
    system_stm32f10x.c                       0x00000000   Number         0  system_stm32f10x.o ABSOLUTE
    RESET                                    0x08000000   Section      236  startup_stm32f10x_md.o(RESET)
    !!!main                                  0x080000ec   Section        8  __main.o(!!!main)
    !!!scatter                               0x080000f4   Section       52  __scatter.o(!!!scatter)
    !!handler_copy                           0x08000128   Section       26  __scatter_copy.o(!!handler_copy)
    !!handler_zi                             0x08000144   Section       28  __scatter_zi.o(!!handler_zi)
    .ARM.Collect$$_printf_percent$$00000000  0x08000160   Section        0  _printf_percent.o(.ARM.Collect$$_printf_percent$$00000000)
    .ARM.Collect$$_printf_percent$$0000000A  0x08000160   Section        6  _printf_u.o(.ARM.Collect$$_printf_percent$$0000000A)
    .ARM.Collect$$_printf_percent$$00000017  0x08000166   Section        4  _printf_percent_end.o(.ARM.Collect$$_printf_percent$$00000017)
    .ARM.Collect$$libinit$$00000000          0x0800016a   Section        6  libinit.o(.ARM.Collect$$libinit$$00000000)
    .ARM.Collect$$libinit$$00000006          0x08000170   Section        0  libinit2.o(.ARM.Collect$$libinit$$00000006)
    .ARM.Collect$$libinit$$00000008          0x08000170   Section        0  libinit2.o(.ARM.Collect$$libinit$$00000008)
    .ARM.Collect$$libinit$$00000009          0x08000170   Section        4  libinit2.o(.ARM.Collect$$libinit$$00000009)
    .ARM.Collect$$libinit$$0000000A          0x08000174   Section        0  libinit2.o(.ARM.Collect$$libinit$$0000000A)
    .ARM.Collect$$libinit$$0000000D          0x08000174   Section        0  libinit2.o(.ARM.Collect$$libinit$$0000000D)
    .ARM.Collect$$libinit$$0000000F          0x08000174   Section        0  libinit2.o(.ARM.Collect$$libinit$$0000000F)
    .ARM.Collect$$libinit$$00000011          0x08000174   Section        0  libinit2.o(.ARM.Collect$$libinit$$00000011)
    .ARM.Collect$$libinit$$00000013          0x08000174   Section        0  libinit2.o(.ARM.Collect$$libinit$$00000013)
    .ARM.Collect$$libinit$$00000015          0x08000174   Section        0  libinit2.o(.ARM.Collect$$libinit$$00000015)
    .ARM.Collect$$libinit$$00000017          0x08000174   Section        0  libinit2.o(.ARM.Collect$$libinit$$00000017)
    .ARM.Collect$$libinit$$00000019          0x08000174   Section        0  libinit2.o(.ARM.Collect$$libinit$$00000019)
    .ARM.Collect$$libinit$$0000001B          0x08000174   Section        0  libinit2.o(.ARM.Collect$$libinit$$0000001B)
    .ARM.Collect$$libinit$$0000001D          0x08000174   Section        0  libinit2.o(.ARM.Collect$$libinit$$0000001D)
    .ARM.Collect$$libinit$$0000001F          0x08000174   Section        0  libinit2.o(.ARM.Collect$$libinit$$0000001F)
    .ARM.Collect$$libinit$$00000021          0x08000174   Section        0  libinit2.o(.ARM.Collect$$libinit$$00000021)
    .ARM.Collect$$libinit$$00000028          0x08000174   Section        0  libinit2.o(.ARM.Collect$$libinit$$00000028)
    .ARM.Collect$$libinit$$0000002A          0x08000174   Section        0  libinit2.o(.ARM.Collect$$libinit$$0000002A)
    .ARM.Collect$$libinit$$0000002C          0x08000174   Section        0  libinit2.o(.ARM.Collect$$libinit$$0000002C)
    .ARM.Collect$$libinit$$0000002E          0x08000174   Section        0  libinit2.o(.ARM.Collect$$libinit$$0000002E)
    .ARM.Collect$$libinit$$0000002F          0x08000174   Section        2  libinit2.o(.ARM.Collect$$libinit$$0000002F)
    .ARM.Collect$$libshutdown$$00000000      0x08000176   Section        2  libshutdown.o(.ARM.Collect$$libshutdown$$00000000)
    .ARM.Collect$$libshutdown$$00000003      0x08000178   Section        0  libshutdown2.o(.ARM.Collect$$libshutdown$$00000003)
    .ARM.Collect$$libshutdown$$00000006      0x08000178   Section        0  libshutdown2.o(.ARM.Collect$$libshutdown$$00000006)
    .ARM.Collect$$libshutdown$$00000009      0x08000178   Section        0  libshutdown2.o(.ARM.Collect$$libshutdown$$00000009)
    .ARM.Collect$$libshutdown$$0000000B      0x08000178   Section        0  libshutdown2.o(.ARM.Collect$$libshutdown$$0000000B)
    .ARM.Collect$$libshutdown$$0000000E      0x08000178   Section        0  libshutdown2.o(.ARM.Collect$$libshutdown$$0000000E)
    .ARM.Collect$$libshutdown$$0000000F      0x08000178   Section        2  libshutdown2.o(.ARM.Collect$$libshutdown$$0000000F)
    .ARM.Collect$$rtentry$$00000000          0x0800017a   Section        0  rtentry.o(.ARM.Collect$$rtentry$$00000000)
    .ARM.Collect$$rtentry$$00000002          0x0800017a   Section        0  rtentry2.o(.ARM.Collect$$rtentry$$00000002)
    .ARM.Collect$$rtentry$$00000004          0x0800017a   Section        6  rtentry4.o(.ARM.Collect$$rtentry$$00000004)
    .ARM.Collect$$rtentry$$00000009          0x08000180   Section        0  rtentry2.o(.ARM.Collect$$rtentry$$00000009)
    .ARM.Collect$$rtentry$$0000000A          0x08000180   Section        4  rtentry2.o(.ARM.Collect$$rtentry$$0000000A)
    .ARM.Collect$$rtentry$$0000000C          0x08000184   Section        0  rtentry2.o(.ARM.Collect$$rtentry$$0000000C)
    .ARM.Collect$$rtentry$$0000000D          0x08000184   Section        8  rtentry2.o(.ARM.Collect$$rtentry$$0000000D)
    .ARM.Collect$$rtexit$$00000000           0x0800018c   Section        0  rtexit.o(.ARM.Collect$$rtexit$$00000000)
    .ARM.Collect$$rtexit$$00000002           0x0800018c   Section        0  rtexit2.o(.ARM.Collect$$rtexit$$00000002)
    .ARM.Collect$$rtexit$$00000003           0x0800018c   Section        4  rtexit2.o(.ARM.Collect$$rtexit$$00000003)
    .ARM.Collect$$rtexit$$00000004           0x08000190   Section        4  rtexit2.o(.ARM.Collect$$rtexit$$00000004)
    .text                                    0x08000194   Section       54  main.o(.text)
    .text                                    0x080001ca   Section       26  stm32f10x_it.o(.text)
    .text                                    0x080001e4   Section      456  system_stm32f10x.o(.text)
    SetSysClockTo72                          0x080001e5   Thumb Code   192  system_stm32f10x.o(.text)
    SetSysClock                              0x080002a5   Thumb Code     8  system_stm32f10x.o(.text)
    .text                                    0x080003ac   Section      224  misc.o(.text)
    .text                                    0x0800048c   Section      840  stm32f10x_gpio.o(.text)
    .text                                    0x080007d4   Section      912  stm32f10x_rcc.o(.text)
    .text                                    0x08000b64   Section     1032  stm32f10x_usart.o(.text)
    .text                                    0x08000f6c   Section      304  stm32f10x_exti.o(.text)
    .text                                    0x0800109c   Section       72  stm32f10x_crc.o(.text)
    .text                                    0x080010e4   Section       64  stm32f10x_iwdg.o(.text)
    .text                                    0x08001124   Section       64  startup_stm32f10x_md.o(.text)
    .text                                    0x08001164   Section      252  delay.o(.text)
    .text                                    0x08001260   Section      160  led.o(.text)
    .text                                    0x08001300   Section     2180  exti.o(.text)
    .text                                    0x08001b84   Section      244  key.o(.text)
    .text                                    0x08001c78   Section       12  crc.o(.text)
    .text                                    0x08001c84   Section     1040  usart.o(.text)
    .text                                    0x08002094   Section       64  iwdg.o(.text)
    .text                                    0x080020d4   Section        2  use_no_semi_2.o(.text)
    .text                                    0x080020d8   Section       32  noretval__2printf.o(.text)
    .text                                    0x080020f8   Section       40  noretval__2sprintf.o(.text)
    .text                                    0x08002120   Section      110  __printf.o(.text)
    .text                                    0x08002190   Section      112  _printf_dec.o(.text)
    .text                                    0x08002200   Section      120  rand.o(.text)
    .text                                    0x08002278   Section       12  strtok.o(.text)
    .text                                    0x08002284   Section       68  rt_memclr.o(.text)
    .text                                    0x080022c8   Section      128  strcmpv7m.o(.text)
    .text                                    0x08002348   Section        6  heapauxi.o(.text)
    .text                                    0x0800234e   Section        2  use_no_semi.o(.text)
    .text                                    0x08002350   Section      174  _printf_intcommon.o(.text)
    .text                                    0x08002400   Section       48  _printf_char_common.o(.text)
    _printf_input_char                       0x08002401   Thumb Code    10  _printf_char_common.o(.text)
    .text                                    0x08002430   Section       10  _sputc.o(.text)
    .text                                    0x0800243c   Section       72  strtok_int.o(.text)
    .text                                    0x08002484   Section       78  rt_memclr_w.o(.text)
    .text                                    0x080024d2   Section       16  rtudiv10.o(.text)
    .text                                    0x080024e2   Section       32  strcspn.o(.text)
    .text                                    0x08002502   Section       28  strspn.o(.text)
    .text                                    0x0800251e   Section       74  sys_stackheap_outer.o(.text)
    .text                                    0x08002568   Section       12  exit.o(.text)
    .text                                    0x08002574   Section        8  libspace.o(.text)
    .data                                    0x20000000   Section       20  system_stm32f10x.o(.data)
    .data                                    0x20000014   Section       20  stm32f10x_rcc.o(.data)
    APBAHBPrescTable                         0x20000014   Data          16  stm32f10x_rcc.o(.data)
    ADCPrescTable                            0x20000024   Data           4  stm32f10x_rcc.o(.data)
    .data                                    0x20000028   Section        8  delay.o(.data)
    fac_us                                   0x20000028   Data           1  delay.o(.data)
    fac_ms                                   0x2000002a   Data           2  delay.o(.data)
    .data                                    0x20000030   Section        8  exti.o(.data)
    .data                                    0x20000038   Section       20  usart.o(.data)
    .data                                    0x2000004c   Section        4  iwdg.o(.data)
    .data                                    0x20000050   Section        8  rand.o(.data)
    _random_j                                0x20000050   Data           4  rand.o(.data)
    _random_k                                0x20000054   Data           4  rand.o(.data)
    .data                                    0x20000058   Section        4  strtok.o(.data)
    _strtok_saves1                           0x20000058   Data           4  strtok.o(.data)
    .bss                                     0x2000005c   Section       64  exti.o(.bss)
    .bss                                     0x2000009c   Section      200  usart.o(.bss)
    .bss                                     0x20000164   Section      220  rand.o(.bss)
    _random_number_seed                      0x20000164   Data         220  rand.o(.bss)
    .bss                                     0x20000240   Section       96  libspace.o(.bss)
    HEAP                                     0x200002a0   Section      512  startup_stm32f10x_md.o(HEAP)
    Heap_Mem                                 0x200002a0   Data         512  startup_stm32f10x_md.o(HEAP)
    STACK                                    0x200004a0   Section     1024  startup_stm32f10x_md.o(STACK)
    Stack_Mem                                0x200004a0   Data        1024  startup_stm32f10x_md.o(STACK)
    __initial_sp                             0x200008a0   Data           0  startup_stm32f10x_md.o(STACK)

    Global Symbols

    Symbol Name                              Value     Ov Type        Size  Object(Section)

    BuildAttributes$$THM_ISAv4$P$D$K$B$S$PE$A:L22UL41UL21$X:L11$S22US41US21$IEEE1$IW$USESV6$~STKCKD$USESV7$~SHL$OSPACE$ROPI$EBA8$UX$STANDARDLIB$REQ8$PRES8$EABIv2 0x00000000   Number         0  anon$$obj.o ABSOLUTE
    __ARM_use_no_argv                        0x00000000   Number         0  main.o ABSOLUTE
    __ARM_exceptions_init                     - Undefined Weak Reference
    __alloca_initialize                       - Undefined Weak Reference
    __cpp_initialize__aeabi_                  - Undefined Weak Reference
    __cxa_finalize                            - Undefined Weak Reference
    __rt_locale                               - Undefined Weak Reference
    __sigvec_lookup                           - Undefined Weak Reference
    _atexit_init                              - Undefined Weak Reference
    _call_atexit_fns                          - Undefined Weak Reference
    _clock_init                               - Undefined Weak Reference
    _fp_trap_init                             - Undefined Weak Reference
    _fp_trap_shutdown                         - Undefined Weak Reference
    _get_lc_collate                           - Undefined Weak Reference
    _get_lc_ctype                             - Undefined Weak Reference
    _get_lc_monetary                          - Undefined Weak Reference
    _get_lc_numeric                           - Undefined Weak Reference
    _get_lc_time                              - Undefined Weak Reference
    _getenv_init                              - Undefined Weak Reference
    _handle_redirection                       - Undefined Weak Reference
    _init_alloc                               - Undefined Weak Reference
    _init_user_alloc                          - Undefined Weak Reference
    _initio                                   - Undefined Weak Reference
    _mutex_acquire                            - Undefined Weak Reference
    _mutex_release                            - Undefined Weak Reference
    _printf_post_padding                      - Undefined Weak Reference
    _printf_pre_padding                       - Undefined Weak Reference
    _printf_truncate_signed                   - Undefined Weak Reference
    _printf_truncate_unsigned                 - Undefined Weak Reference
    _signal_finish                            - Undefined Weak Reference
    _signal_init                              - Undefined Weak Reference
    _terminate_alloc                          - Undefined Weak Reference
    _terminate_user_alloc                     - Undefined Weak Reference
    _terminateio                              - Undefined Weak Reference
    __Vectors_Size                           0x000000ec   Number         0  startup_stm32f10x_md.o ABSOLUTE
    __Vectors                                0x08000000   Data           4  startup_stm32f10x_md.o(RESET)
    __Vectors_End                            0x080000ec   Data           0  startup_stm32f10x_md.o(RESET)
    __main                                   0x080000ed   Thumb Code     8  __main.o(!!!main)
    __scatterload                            0x080000f5   Thumb Code     0  __scatter.o(!!!scatter)
    __scatterload_rt2                        0x080000f5   Thumb Code    44  __scatter.o(!!!scatter)
    __scatterload_rt2_thumb_only             0x080000f5   Thumb Code     0  __scatter.o(!!!scatter)
    __scatterload_null                       0x08000103   Thumb Code     0  __scatter.o(!!!scatter)
    __scatterload_copy                       0x08000129   Thumb Code    26  __scatter_copy.o(!!handler_copy)
    __scatterload_zeroinit                   0x08000145   Thumb Code    28  __scatter_zi.o(!!handler_zi)
    _printf_percent                          0x08000161   Thumb Code     0  _printf_percent.o(.ARM.Collect$$_printf_percent$$00000000)
    _printf_u                                0x08000161   Thumb Code     0  _printf_u.o(.ARM.Collect$$_printf_percent$$0000000A)
    _printf_percent_end                      0x08000167   Thumb Code     0  _printf_percent_end.o(.ARM.Collect$$_printf_percent$$00000017)
    __rt_lib_init                            0x0800016b   Thumb Code     0  libinit.o(.ARM.Collect$$libinit$$00000000)
    __rt_lib_init_heap_1                     0x08000171   Thumb Code     0  libinit2.o(.ARM.Collect$$libinit$$00000006)
    __rt_lib_init_rand_2                     0x08000171   Thumb Code     0  libinit2.o(.ARM.Collect$$libinit$$00000009)
    __rt_lib_init_user_alloc_1               0x08000171   Thumb Code     0  libinit2.o(.ARM.Collect$$libinit$$00000008)
    __rt_lib_init_alloca_1                   0x08000175   Thumb Code     0  libinit2.o(.ARM.Collect$$libinit$$0000002A)
    __rt_lib_init_argv_1                     0x08000175   Thumb Code     0  libinit2.o(.ARM.Collect$$libinit$$00000028)
    __rt_lib_init_atexit_1                   0x08000175   Thumb Code     0  libinit2.o(.ARM.Collect$$libinit$$00000017)
    __rt_lib_init_clock_1                    0x08000175   Thumb Code     0  libinit2.o(.ARM.Collect$$libinit$$0000001D)
    __rt_lib_init_cpp_1                      0x08000175   Thumb Code     0  libinit2.o(.ARM.Collect$$libinit$$0000002E)
    __rt_lib_init_exceptions_1               0x08000175   Thumb Code     0  libinit2.o(.ARM.Collect$$libinit$$0000002C)
    __rt_lib_init_fp_trap_1                  0x08000175   Thumb Code     0  libinit2.o(.ARM.Collect$$libinit$$0000001B)
    __rt_lib_init_getenv_1                   0x08000175   Thumb Code     0  libinit2.o(.ARM.Collect$$libinit$$0000001F)
    __rt_lib_init_lc_collate_1               0x08000175   Thumb Code     0  libinit2.o(.ARM.Collect$$libinit$$0000000D)
    __rt_lib_init_lc_ctype_1                 0x08000175   Thumb Code     0  libinit2.o(.ARM.Collect$$libinit$$0000000F)
    __rt_lib_init_lc_monetary_1              0x08000175   Thumb Code     0  libinit2.o(.ARM.Collect$$libinit$$00000011)
    __rt_lib_init_lc_numeric_1               0x08000175   Thumb Code     0  libinit2.o(.ARM.Collect$$libinit$$00000013)
    __rt_lib_init_lc_time_1                  0x08000175   Thumb Code     0  libinit2.o(.ARM.Collect$$libinit$$00000015)
    __rt_lib_init_rand_1                     0x08000175   Thumb Code     0  libinit2.o(.ARM.Collect$$libinit$$0000000A)
    __rt_lib_init_return                     0x08000175   Thumb Code     0  libinit2.o(.ARM.Collect$$libinit$$0000002F)
    __rt_lib_init_signal_1                   0x08000175   Thumb Code     0  libinit2.o(.ARM.Collect$$libinit$$00000019)
    __rt_lib_init_stdio_1                    0x08000175   Thumb Code     0  libinit2.o(.ARM.Collect$$libinit$$00000021)
    __rt_lib_shutdown                        0x08000177   Thumb Code     0  libshutdown.o(.ARM.Collect$$libshutdown$$00000000)
    __rt_lib_shutdown_fp_trap_1              0x08000179   Thumb Code     0  libshutdown2.o(.ARM.Collect$$libshutdown$$00000006)
    __rt_lib_shutdown_heap_1                 0x08000179   Thumb Code     0  libshutdown2.o(.ARM.Collect$$libshutdown$$0000000E)
    __rt_lib_shutdown_return                 0x08000179   Thumb Code     0  libshutdown2.o(.ARM.Collect$$libshutdown$$0000000F)
    __rt_lib_shutdown_signal_1               0x08000179   Thumb Code     0  libshutdown2.o(.ARM.Collect$$libshutdown$$00000009)
    __rt_lib_shutdown_stdio_1                0x08000179   Thumb Code     0  libshutdown2.o(.ARM.Collect$$libshutdown$$00000003)
    __rt_lib_shutdown_user_alloc_1           0x08000179   Thumb Code     0  libshutdown2.o(.ARM.Collect$$libshutdown$$0000000B)
    __rt_entry                               0x0800017b   Thumb Code     0  rtentry.o(.ARM.Collect$$rtentry$$00000000)
    __rt_entry_presh_1                       0x0800017b   Thumb Code     0  rtentry2.o(.ARM.Collect$$rtentry$$00000002)
    __rt_entry_sh                            0x0800017b   Thumb Code     0  rtentry4.o(.ARM.Collect$$rtentry$$00000004)
    __rt_entry_li                            0x08000181   Thumb Code     0  rtentry2.o(.ARM.Collect$$rtentry$$0000000A)
    __rt_entry_postsh_1                      0x08000181   Thumb Code     0  rtentry2.o(.ARM.Collect$$rtentry$$00000009)
    __rt_entry_main                          0x08000185   Thumb Code     0  rtentry2.o(.ARM.Collect$$rtentry$$0000000D)
    __rt_entry_postli_1                      0x08000185   Thumb Code     0  rtentry2.o(.ARM.Collect$$rtentry$$0000000C)
    __rt_exit                                0x0800018d   Thumb Code     0  rtexit.o(.ARM.Collect$$rtexit$$00000000)
    __rt_exit_ls                             0x0800018d   Thumb Code     0  rtexit2.o(.ARM.Collect$$rtexit$$00000003)
    __rt_exit_prels_1                        0x0800018d   Thumb Code     0  rtexit2.o(.ARM.Collect$$rtexit$$00000002)
    __rt_exit_exit                           0x08000191   Thumb Code     0  rtexit2.o(.ARM.Collect$$rtexit$$00000004)
    main                                     0x08000195   Thumb Code    54  main.o(.text)
    NMI_Handler                              0x080001cb   Thumb Code     2  stm32f10x_it.o(.text)
    HardFault_Handler                        0x080001cd   Thumb Code     4  stm32f10x_it.o(.text)
    MemManage_Handler                        0x080001d1   Thumb Code     4  stm32f10x_it.o(.text)
    BusFault_Handler                         0x080001d5   Thumb Code     4  stm32f10x_it.o(.text)
    UsageFault_Handler                       0x080001d9   Thumb Code     4  stm32f10x_it.o(.text)
    SVC_Handler                              0x080001dd   Thumb Code     2  stm32f10x_it.o(.text)
    DebugMon_Handler                         0x080001df   Thumb Code     2  stm32f10x_it.o(.text)
    PendSV_Handler                           0x080001e1   Thumb Code     2  stm32f10x_it.o(.text)
    SysTick_Handler                          0x080001e3   Thumb Code     2  stm32f10x_it.o(.text)
    SystemInit                               0x080002ad   Thumb Code    78  system_stm32f10x.o(.text)
    SystemCoreClockUpdate                    0x080002fb   Thumb Code   142  system_stm32f10x.o(.text)
    NVIC_PriorityGroupConfig                 0x080003ad   Thumb Code    10  misc.o(.text)
    NVIC_Init                                0x080003b7   Thumb Code   102  misc.o(.text)
    NVIC_SetVectorTable                      0x0800041d   Thumb Code    14  misc.o(.text)
    NVIC_SystemLPConfig                      0x0800042b   Thumb Code    38  misc.o(.text)
    SysTick_CLKSourceConfig                  0x08000451   Thumb Code    40  misc.o(.text)
    GPIO_DeInit                              0x0800048d   Thumb Code   172  stm32f10x_gpio.o(.text)
    GPIO_AFIODeInit                          0x08000539   Thumb Code    20  stm32f10x_gpio.o(.text)
    GPIO_Init                                0x0800054d   Thumb Code   268  stm32f10x_gpio.o(.text)
    GPIO_StructInit                          0x08000659   Thumb Code    16  stm32f10x_gpio.o(.text)
    GPIO_ReadInputDataBit                    0x08000669   Thumb Code    18  stm32f10x_gpio.o(.text)
    GPIO_ReadInputData                       0x0800067b   Thumb Code     8  stm32f10x_gpio.o(.text)
    GPIO_ReadOutputDataBit                   0x08000683   Thumb Code    18  stm32f10x_gpio.o(.text)
    GPIO_ReadOutputData                      0x08000695   Thumb Code     8  stm32f10x_gpio.o(.text)
    GPIO_SetBits                             0x0800069d   Thumb Code     4  stm32f10x_gpio.o(.text)
    GPIO_ResetBits                           0x080006a1   Thumb Code     4  stm32f10x_gpio.o(.text)
    GPIO_WriteBit                            0x080006a5   Thumb Code    10  stm32f10x_gpio.o(.text)
    GPIO_Write                               0x080006af   Thumb Code     4  stm32f10x_gpio.o(.text)
    GPIO_PinLockConfig                       0x080006b3   Thumb Code    18  stm32f10x_gpio.o(.text)
    GPIO_EventOutputConfig                   0x080006c5   Thumb Code    24  stm32f10x_gpio.o(.text)
    GPIO_EventOutputCmd                      0x080006dd   Thumb Code     6  stm32f10x_gpio.o(.text)
    GPIO_PinRemapConfig                      0x080006e3   Thumb Code   136  stm32f10x_gpio.o(.text)
    GPIO_EXTILineConfig                      0x0800076b   Thumb Code    60  stm32f10x_gpio.o(.text)
    GPIO_ETH_MediaInterfaceConfig            0x080007a7   Thumb Code     8  stm32f10x_gpio.o(.text)
    RCC_DeInit                               0x080007d5   Thumb Code    64  stm32f10x_rcc.o(.text)
    RCC_HSEConfig                            0x08000815   Thumb Code    70  stm32f10x_rcc.o(.text)
    RCC_GetFlagStatus                        0x0800085b   Thumb Code    56  stm32f10x_rcc.o(.text)
    RCC_WaitForHSEStartUp                    0x08000893   Thumb Code    48  stm32f10x_rcc.o(.text)
    RCC_AdjustHSICalibrationValue            0x080008c3   Thumb Code    18  stm32f10x_rcc.o(.text)
    RCC_HSICmd                               0x080008d5   Thumb Code     6  stm32f10x_rcc.o(.text)
    RCC_PLLConfig                            0x080008db   Thumb Code    22  stm32f10x_rcc.o(.text)
    RCC_PLLCmd                               0x080008f1   Thumb Code     6  stm32f10x_rcc.o(.text)
    RCC_SYSCLKConfig                         0x080008f7   Thumb Code    16  stm32f10x_rcc.o(.text)
    RCC_GetSYSCLKSource                      0x08000907   Thumb Code    10  stm32f10x_rcc.o(.text)
    RCC_HCLKConfig                           0x08000911   Thumb Code    16  stm32f10x_rcc.o(.text)
    RCC_PCLK1Config                          0x08000921   Thumb Code    16  stm32f10x_rcc.o(.text)
    RCC_PCLK2Config                          0x08000931   Thumb Code    18  stm32f10x_rcc.o(.text)
    RCC_ITConfig                             0x08000943   Thumb Code    30  stm32f10x_rcc.o(.text)
    RCC_USBCLKConfig                         0x08000961   Thumb Code     8  stm32f10x_rcc.o(.text)
    RCC_ADCCLKConfig                         0x08000969   Thumb Code    16  stm32f10x_rcc.o(.text)
    RCC_LSEConfig                            0x08000979   Thumb Code    50  stm32f10x_rcc.o(.text)
    RCC_LSICmd                               0x080009ab   Thumb Code     6  stm32f10x_rcc.o(.text)
    RCC_RTCCLKConfig                         0x080009b1   Thumb Code    12  stm32f10x_rcc.o(.text)
    RCC_RTCCLKCmd                            0x080009bd   Thumb Code     8  stm32f10x_rcc.o(.text)
    RCC_GetClocksFreq                        0x080009c5   Thumb Code   194  stm32f10x_rcc.o(.text)
    RCC_AHBPeriphClockCmd                    0x08000a87   Thumb Code    26  stm32f10x_rcc.o(.text)
    RCC_APB2PeriphClockCmd                   0x08000aa1   Thumb Code    26  stm32f10x_rcc.o(.text)
    RCC_APB1PeriphClockCmd                   0x08000abb   Thumb Code    26  stm32f10x_rcc.o(.text)
    RCC_APB2PeriphResetCmd                   0x08000ad5   Thumb Code    26  stm32f10x_rcc.o(.text)
    RCC_APB1PeriphResetCmd                   0x08000aef   Thumb Code    26  stm32f10x_rcc.o(.text)
    RCC_BackupResetCmd                       0x08000b09   Thumb Code     8  stm32f10x_rcc.o(.text)
    RCC_ClockSecuritySystemCmd               0x08000b11   Thumb Code     6  stm32f10x_rcc.o(.text)
    RCC_MCOConfig                            0x08000b17   Thumb Code     6  stm32f10x_rcc.o(.text)
    RCC_ClearFlag                            0x08000b1d   Thumb Code    14  stm32f10x_rcc.o(.text)
    RCC_GetITStatus                          0x08000b2b   Thumb Code    20  stm32f10x_rcc.o(.text)
    RCC_ClearITPendingBit                    0x08000b3f   Thumb Code     6  stm32f10x_rcc.o(.text)
    USART_DeInit                             0x08000b65   Thumb Code   134  stm32f10x_usart.o(.text)
    USART_Init                               0x08000beb   Thumb Code   210  stm32f10x_usart.o(.text)
    USART_StructInit                         0x08000cbd   Thumb Code    24  stm32f10x_usart.o(.text)
    USART_ClockInit                          0x08000cd5   Thumb Code    32  stm32f10x_usart.o(.text)
    USART_ClockStructInit                    0x08000cf5   Thumb Code    12  stm32f10x_usart.o(.text)
    USART_Cmd                                0x08000d01   Thumb Code    24  stm32f10x_usart.o(.text)
    USART_ITConfig                           0x08000d19   Thumb Code    72  stm32f10x_usart.o(.text)
    USART_DMACmd                             0x08000d61   Thumb Code    24  stm32f10x_usart.o(.text)
    USART_SetAddress                         0x08000d79   Thumb Code    18  stm32f10x_usart.o(.text)
    USART_WakeUpConfig                       0x08000d8b   Thumb Code    18  stm32f10x_usart.o(.text)
    USART_ReceiverWakeUpCmd                  0x08000d9d   Thumb Code    24  stm32f10x_usart.o(.text)
    USART_LINBreakDetectLengthConfig         0x08000db5   Thumb Code    18  stm32f10x_usart.o(.text)
    USART_LINCmd                             0x08000dc7   Thumb Code    24  stm32f10x_usart.o(.text)
    USART_SendData                           0x08000ddf   Thumb Code     8  stm32f10x_usart.o(.text)
    USART_ReceiveData                        0x08000de7   Thumb Code    10  stm32f10x_usart.o(.text)
    USART_SendBreak                          0x08000df1   Thumb Code    10  stm32f10x_usart.o(.text)
    USART_SetGuardTime                       0x08000dfb   Thumb Code    16  stm32f10x_usart.o(.text)
    USART_SetPrescaler                       0x08000e0b   Thumb Code    16  stm32f10x_usart.o(.text)
    USART_SmartCardCmd                       0x08000e1b   Thumb Code    24  stm32f10x_usart.o(.text)
    USART_SmartCardNACKCmd                   0x08000e33   Thumb Code    24  stm32f10x_usart.o(.text)
    USART_HalfDuplexCmd                      0x08000e4b   Thumb Code    24  stm32f10x_usart.o(.text)
    USART_OverSampling8Cmd                   0x08000e63   Thumb Code    22  stm32f10x_usart.o(.text)
    USART_OneBitMethodCmd                    0x08000e79   Thumb Code    24  stm32f10x_usart.o(.text)
    USART_IrDAConfig                         0x08000e91   Thumb Code    18  stm32f10x_usart.o(.text)
    USART_IrDACmd                            0x08000ea3   Thumb Code    24  stm32f10x_usart.o(.text)
    USART_GetFlagStatus                      0x08000ebb   Thumb Code    26  stm32f10x_usart.o(.text)
    USART_ClearFlag                          0x08000ed5   Thumb Code    18  stm32f10x_usart.o(.text)
    USART_GetITStatus                        0x08000ee7   Thumb Code    84  stm32f10x_usart.o(.text)
    USART_ClearITPendingBit                  0x08000f3b   Thumb Code    50  stm32f10x_usart.o(.text)
    EXTI_DeInit                              0x08000f6d   Thumb Code    32  stm32f10x_exti.o(.text)
    EXTI_Init                                0x08000f8d   Thumb Code   154  stm32f10x_exti.o(.text)
    EXTI_StructInit                          0x08001027   Thumb Code    16  stm32f10x_exti.o(.text)
    EXTI_GenerateSWInterrupt                 0x08001037   Thumb Code    16  stm32f10x_exti.o(.text)
    EXTI_GetFlagStatus                       0x08001047   Thumb Code    22  stm32f10x_exti.o(.text)
    EXTI_ClearFlag                           0x0800105d   Thumb Code     8  stm32f10x_exti.o(.text)
    EXTI_GetITStatus                         0x08001065   Thumb Code    34  stm32f10x_exti.o(.text)
    EXTI_ClearITPendingBit                   0x08001087   Thumb Code     8  stm32f10x_exti.o(.text)
    CRC_ResetDR                              0x0800109d   Thumb Code     8  stm32f10x_crc.o(.text)
    CRC_CalcCRC                              0x080010a5   Thumb Code    10  stm32f10x_crc.o(.text)
    CRC_CalcBlockCRC                         0x080010af   Thumb Code    30  stm32f10x_crc.o(.text)
    CRC_GetCRC                               0x080010cd   Thumb Code     6  stm32f10x_crc.o(.text)
    CRC_SetIDRegister                        0x080010d3   Thumb Code     6  stm32f10x_crc.o(.text)
    CRC_GetIDRegister                        0x080010d9   Thumb Code     6  stm32f10x_crc.o(.text)
    IWDG_WriteAccessCmd                      0x080010e5   Thumb Code     6  stm32f10x_iwdg.o(.text)
    IWDG_SetPrescaler                        0x080010eb   Thumb Code     6  stm32f10x_iwdg.o(.text)
    IWDG_SetReload                           0x080010f1   Thumb Code     6  stm32f10x_iwdg.o(.text)
    IWDG_ReloadCounter                       0x080010f7   Thumb Code    10  stm32f10x_iwdg.o(.text)
    IWDG_Enable                              0x08001101   Thumb Code    10  stm32f10x_iwdg.o(.text)
    IWDG_GetFlagStatus                       0x0800110b   Thumb Code    20  stm32f10x_iwdg.o(.text)
    Reset_Handler                            0x08001125   Thumb Code     8  startup_stm32f10x_md.o(.text)
    ADC1_2_IRQHandler                        0x0800113f   Thumb Code     0  startup_stm32f10x_md.o(.text)
    CAN1_RX1_IRQHandler                      0x0800113f   Thumb Code     0  startup_stm32f10x_md.o(.text)
    CAN1_SCE_IRQHandler                      0x0800113f   Thumb Code     0  startup_stm32f10x_md.o(.text)
    DMA1_Channel1_IRQHandler                 0x0800113f   Thumb Code     0  startup_stm32f10x_md.o(.text)
    DMA1_Channel2_IRQHandler                 0x0800113f   Thumb Code     0  startup_stm32f10x_md.o(.text)
    DMA1_Channel3_IRQHandler                 0x0800113f   Thumb Code     0  startup_stm32f10x_md.o(.text)
    DMA1_Channel4_IRQHandler                 0x0800113f   Thumb Code     0  startup_stm32f10x_md.o(.text)
    DMA1_Channel5_IRQHandler                 0x0800113f   Thumb Code     0  startup_stm32f10x_md.o(.text)
    DMA1_Channel6_IRQHandler                 0x0800113f   Thumb Code     0  startup_stm32f10x_md.o(.text)
    DMA1_Channel7_IRQHandler                 0x0800113f   Thumb Code     0  startup_stm32f10x_md.o(.text)
    EXTI15_10_IRQHandler                     0x0800113f   Thumb Code     0  startup_stm32f10x_md.o(.text)
    FLASH_IRQHandler                         0x0800113f   Thumb Code     0  startup_stm32f10x_md.o(.text)
    I2C1_ER_IRQHandler                       0x0800113f   Thumb Code     0  startup_stm32f10x_md.o(.text)
    I2C1_EV_IRQHandler                       0x0800113f   Thumb Code     0  startup_stm32f10x_md.o(.text)
    I2C2_ER_IRQHandler                       0x0800113f   Thumb Code     0  startup_stm32f10x_md.o(.text)
    I2C2_EV_IRQHandler                       0x0800113f   Thumb Code     0  startup_stm32f10x_md.o(.text)
    PVD_IRQHandler                           0x0800113f   Thumb Code     0  startup_stm32f10x_md.o(.text)
    RCC_IRQHandler                           0x0800113f   Thumb Code     0  startup_stm32f10x_md.o(.text)
    RTCAlarm_IRQHandler                      0x0800113f   Thumb Code     0  startup_stm32f10x_md.o(.text)
    RTC_IRQHandler                           0x0800113f   Thumb Code     0  startup_stm32f10x_md.o(.text)
    SPI1_IRQHandler                          0x0800113f   Thumb Code     0  startup_stm32f10x_md.o(.text)
    SPI2_IRQHandler                          0x0800113f   Thumb Code     0  startup_stm32f10x_md.o(.text)
    TAMPER_IRQHandler                        0x0800113f   Thumb Code     0  startup_stm32f10x_md.o(.text)
    TIM1_BRK_IRQHandler                      0x0800113f   Thumb Code     0  startup_stm32f10x_md.o(.text)
    TIM1_CC_IRQHandler                       0x0800113f   Thumb Code     0  startup_stm32f10x_md.o(.text)
    TIM1_TRG_COM_IRQHandler                  0x0800113f   Thumb Code     0  startup_stm32f10x_md.o(.text)
    TIM1_UP_IRQHandler                       0x0800113f   Thumb Code     0  startup_stm32f10x_md.o(.text)
    TIM2_IRQHandler                          0x0800113f   Thumb Code     0  startup_stm32f10x_md.o(.text)
    TIM3_IRQHandler                          0x0800113f   Thumb Code     0  startup_stm32f10x_md.o(.text)
    TIM4_IRQHandler                          0x0800113f   Thumb Code     0  startup_stm32f10x_md.o(.text)
    USART2_IRQHandler                        0x0800113f   Thumb Code     0  startup_stm32f10x_md.o(.text)
    USART3_IRQHandler                        0x0800113f   Thumb Code     0  startup_stm32f10x_md.o(.text)
    USBWakeUp_IRQHandler                     0x0800113f   Thumb Code     0  startup_stm32f10x_md.o(.text)
    USB_HP_CAN1_TX_IRQHandler                0x0800113f   Thumb Code     0  startup_stm32f10x_md.o(.text)
    USB_LP_CAN1_RX0_IRQHandler               0x0800113f   Thumb Code     0  startup_stm32f10x_md.o(.text)
    WWDG_IRQHandler                          0x0800113f   Thumb Code     0  startup_stm32f10x_md.o(.text)
    __user_initial_stackheap                 0x08001141   Thumb Code     0  startup_stm32f10x_md.o(.text)
    delay_init                               0x08001165   Thumb Code    42  delay.o(.text)
    delay_us                                 0x0800118f   Thumb Code    68  delay.o(.text)
    delay_ms                                 0x080011d3   Thumb Code    70  delay.o(.text)
    delay_one_ms                             0x08001219   Thumb Code    36  delay.o(.text)
    delay_ms_with_dog                        0x0800123d   Thumb Code    20  delay.o(.text)
    LED_Init                                 0x08001261   Thumb Code   154  led.o(.text)
    EXTIX_Init                               0x08001301   Thumb Code   468  exti.o(.text)
    EXTI9_5_IRQHandler                       0x080014d5   Thumb Code   142  exti.o(.text)
    EXTI4_IRQHandler                         0x08001563   Thumb Code    42  exti.o(.text)
    EXTI3_IRQHandler                         0x0800158d   Thumb Code    42  exti.o(.text)
    EXTI2_IRQHandler                         0x080015b7   Thumb Code    42  exti.o(.text)
    EXTI1_IRQHandler                         0x080015e1   Thumb Code    42  exti.o(.text)
    EXTI0_IRQHandler                         0x0800160b   Thumb Code    42  exti.o(.text)
    vm_button_click_check                    0x08001635   Thumb Code  1322  exti.o(.text)
    KEY_Init                                 0x08001b85   Thumb Code   204  key.o(.text)
    physical_power_press                     0x08001c51   Thumb Code    30  key.o(.text)
    CRC_Init                                 0x08001c79   Thumb Code    12  crc.o(.text)
    _sys_exit                                0x08001c85   Thumb Code     6  usart.o(.text)
    fputc                                    0x08001c8b   Thumb Code    32  usart.o(.text)
    USART_init                               0x08001cab   Thumb Code   158  usart.o(.text)
    do_recv                                  0x08001d49   Thumb Code   326  usart.o(.text)
    USART1_IRQHandler                        0x08001e8f   Thumb Code   160  usart.o(.text)
    vm_power_press                           0x08001f2f   Thumb Code    86  usart.o(.text)
    vm_reset_press                           0x08001f85   Thumb Code    18  usart.o(.text)
    IWDG_init                                0x08002095   Thumb Code    50  iwdg.o(.text)
    IWDG_reload                              0x080020c7   Thumb Code     8  iwdg.o(.text)
    __use_no_semihosting                     0x080020d5   Thumb Code     2  use_no_semi_2.o(.text)
    __2printf                                0x080020d9   Thumb Code    24  noretval__2printf.o(.text)
    __2sprintf                               0x080020f9   Thumb Code    34  noretval__2sprintf.o(.text)
    __printf                                 0x08002121   Thumb Code   110  __printf.o(.text)
    _printf_int_dec                          0x08002191   Thumb Code    96  _printf_dec.o(.text)
    srand                                    0x08002201   Thumb Code    40  rand.o(.text)
    _rand_init                               0x08002229   Thumb Code     4  rand.o(.text)
    rand                                     0x0800222d   Thumb Code    58  rand.o(.text)
    strtok                                   0x08002279   Thumb Code     6  strtok.o(.text)
    __aeabi_memclr                           0x08002285   Thumb Code     0  rt_memclr.o(.text)
    __rt_memclr                              0x08002285   Thumb Code    68  rt_memclr.o(.text)
    _memset                                  0x08002289   Thumb Code     0  rt_memclr.o(.text)
    strcmp                                   0x080022c9   Thumb Code   128  strcmpv7m.o(.text)
    __use_two_region_memory                  0x08002349   Thumb Code     2  heapauxi.o(.text)
    __rt_heap_escrow$2region                 0x0800234b   Thumb Code     2  heapauxi.o(.text)
    __rt_heap_expand$2region                 0x0800234d   Thumb Code     2  heapauxi.o(.text)
    __I$use$semihosting                      0x0800234f   Thumb Code     0  use_no_semi.o(.text)
    __use_no_semihosting_swi                 0x0800234f   Thumb Code     2  use_no_semi.o(.text)
    _printf_int_common                       0x08002351   Thumb Code   174  _printf_intcommon.o(.text)
    _printf_char_common                      0x0800240b   Thumb Code    34  _printf_char_common.o(.text)
    _sputc                                   0x08002431   Thumb Code    10  _sputc.o(.text)
    __strtok_internal                        0x0800243d   Thumb Code    68  strtok_int.o(.text)
    __aeabi_memclr4                          0x08002485   Thumb Code     0  rt_memclr_w.o(.text)
    __aeabi_memclr8                          0x08002485   Thumb Code     0  rt_memclr_w.o(.text)
    __rt_memclr_w                            0x08002485   Thumb Code    78  rt_memclr_w.o(.text)
    _memset_w                                0x08002489   Thumb Code     0  rt_memclr_w.o(.text)
    __rt_udiv10                              0x080024d3   Thumb Code    16  rtudiv10.o(.text)
    strcspn                                  0x080024e3   Thumb Code    32  strcspn.o(.text)
    strspn                                   0x08002503   Thumb Code    28  strspn.o(.text)
    __user_setup_stackheap                   0x0800251f   Thumb Code    74  sys_stackheap_outer.o(.text)
    exit                                     0x08002569   Thumb Code    12  exit.o(.text)
    __user_libspace                          0x08002575   Thumb Code     8  libspace.o(.text)
    __user_perproc_libspace                  0x08002575   Thumb Code     0  libspace.o(.text)
    __user_perthread_libspace                0x08002575   Thumb Code     0  libspace.o(.text)
    Region$$Table$$Base                      0x0800257c   Number         0  anon$$obj.o(Region$$Table)
    Region$$Table$$Limit                     0x0800259c   Number         0  anon$$obj.o(Region$$Table)
    SystemCoreClock                          0x20000000   Data           4  system_stm32f10x.o(.data)
    AHBPrescTable                            0x20000004   Data          16  system_stm32f10x.o(.data)
    g_systickmsec                            0x2000002c   Data           4  delay.o(.data)
    power_press_flag                         0x20000030   Data           4  exti.o(.data)
    reset_press_flag                         0x20000034   Data           4  exti.o(.data)
    USART_RX_STA                             0x20000038   Data           2  usart.o(.data)
    g_token                                  0x2000003c   Data           4  usart.o(.data)
    g_suspend                                0x20000040   Data           4  usart.o(.data)
    g_has_reply                              0x20000044   Data           4  usart.o(.data)
    __stdout                                 0x20000048   Data           4  usart.o(.data)
    LsiFreq                                  0x2000004c   Data           4  iwdg.o(.data)
    power_press_ms                           0x2000005c   Data          16  exti.o(.bss)
    reset_press_ms                           0x2000006c   Data          16  exti.o(.bss)
    last_power_ms                            0x2000007c   Data          16  exti.o(.bss)
    last_reset_ms                            0x2000008c   Data          16  exti.o(.bss)
    USART_RX_BUF                             0x2000009c   Data         200  usart.o(.bss)
    __libspace_start                         0x20000240   Data          96  libspace.o(.bss)
    __temporary_stack_top$libspace           0x200002a0   Data           0  libspace.o(.bss)



==============================================================================

Memory Map of the image

  Image Entry point : 0x080000ed

  Load Region LR_IROM1 (Base: 0x08000000, Size: 0x000025f8, Max: 0x00020000, ABSOLUTE)

    Execution Region ER_IROM1 (Base: 0x08000000, Size: 0x0000259c, Max: 0x00020000, ABSOLUTE)

    Base Addr    Size         Type   Attr      Idx    E Section Name        Object

    0x08000000   0x000000ec   Data   RO          241    RESET               startup_stm32f10x_md.o
    0x080000ec   0x00000008   Code   RO          403  * !!!main             __main.o(c_w.l)
    0x080000f4   0x00000034   Code   RO          581    !!!scatter          __scatter.o(c_w.l)
    0x08000128   0x0000001a   Code   RO          583    !!handler_copy      __scatter_copy.o(c_w.l)
    0x08000142   0x00000002   PAD
    0x08000144   0x0000001c   Code   RO          585    !!handler_zi        __scatter_zi.o(c_w.l)
    0x08000160   0x00000000   Code   RO          389    .ARM.Collect$$_printf_percent$$00000000  _printf_percent.o(c_w.l)
    0x08000160   0x00000006   Code   RO          388    .ARM.Collect$$_printf_percent$$0000000A  _printf_u.o(c_w.l)
    0x08000166   0x00000004   Code   RO          415    .ARM.Collect$$_printf_percent$$00000017  _printf_percent_end.o(c_w.l)
    0x0800016a   0x00000006   Code   RO          507    .ARM.Collect$$libinit$$00000000  libinit.o(c_w.l)
    0x08000170   0x00000000   Code   RO          428    .ARM.Collect$$libinit$$00000006  libinit2.o(c_w.l)
    0x08000170   0x00000000   Code   RO          430    .ARM.Collect$$libinit$$00000008  libinit2.o(c_w.l)
    0x08000170   0x00000004   Code   RO          431    .ARM.Collect$$libinit$$00000009  libinit2.o(c_w.l)
    0x08000174   0x00000000   Code   RO          432    .ARM.Collect$$libinit$$0000000A  libinit2.o(c_w.l)
    0x08000174   0x00000000   Code   RO          435    .ARM.Collect$$libinit$$0000000D  libinit2.o(c_w.l)
    0x08000174   0x00000000   Code   RO          437    .ARM.Collect$$libinit$$0000000F  libinit2.o(c_w.l)
    0x08000174   0x00000000   Code   RO          439    .ARM.Collect$$libinit$$00000011  libinit2.o(c_w.l)
    0x08000174   0x00000000   Code   RO          441    .ARM.Collect$$libinit$$00000013  libinit2.o(c_w.l)
    0x08000174   0x00000000   Code   RO          443    .ARM.Collect$$libinit$$00000015  libinit2.o(c_w.l)
    0x08000174   0x00000000   Code   RO          445    .ARM.Collect$$libinit$$00000017  libinit2.o(c_w.l)
    0x08000174   0x00000000   Code   RO          447    .ARM.Collect$$libinit$$00000019  libinit2.o(c_w.l)
    0x08000174   0x00000000   Code   RO          449    .ARM.Collect$$libinit$$0000001B  libinit2.o(c_w.l)
    0x08000174   0x00000000   Code   RO          451    .ARM.Collect$$libinit$$0000001D  libinit2.o(c_w.l)
    0x08000174   0x00000000   Code   RO          453    .ARM.Collect$$libinit$$0000001F  libinit2.o(c_w.l)
    0x08000174   0x00000000   Code   RO          455    .ARM.Collect$$libinit$$00000021  libinit2.o(c_w.l)
    0x08000174   0x00000000   Code   RO          459    .ARM.Collect$$libinit$$00000028  libinit2.o(c_w.l)
    0x08000174   0x00000000   Code   RO          461    .ARM.Collect$$libinit$$0000002A  libinit2.o(c_w.l)
    0x08000174   0x00000000   Code   RO          463    .ARM.Collect$$libinit$$0000002C  libinit2.o(c_w.l)
    0x08000174   0x00000000   Code   RO          465    .ARM.Collect$$libinit$$0000002E  libinit2.o(c_w.l)
    0x08000174   0x00000002   Code   RO          466    .ARM.Collect$$libinit$$0000002F  libinit2.o(c_w.l)
    0x08000176   0x00000002   Code   RO          543    .ARM.Collect$$libshutdown$$00000000  libshutdown.o(c_w.l)
    0x08000178   0x00000000   Code   RO          550    .ARM.Collect$$libshutdown$$00000003  libshutdown2.o(c_w.l)
    0x08000178   0x00000000   Code   RO          553    .ARM.Collect$$libshutdown$$00000006  libshutdown2.o(c_w.l)
    0x08000178   0x00000000   Code   RO          556    .ARM.Collect$$libshutdown$$00000009  libshutdown2.o(c_w.l)
    0x08000178   0x00000000   Code   RO          558    .ARM.Collect$$libshutdown$$0000000B  libshutdown2.o(c_w.l)
    0x08000178   0x00000000   Code   RO          561    .ARM.Collect$$libshutdown$$0000000E  libshutdown2.o(c_w.l)
    0x08000178   0x00000002   Code   RO          562    .ARM.Collect$$libshutdown$$0000000F  libshutdown2.o(c_w.l)
    0x0800017a   0x00000000   Code   RO          407    .ARM.Collect$$rtentry$$00000000  rtentry.o(c_w.l)
    0x0800017a   0x00000000   Code   RO          468    .ARM.Collect$$rtentry$$00000002  rtentry2.o(c_w.l)
    0x0800017a   0x00000006   Code   RO          483    .ARM.Collect$$rtentry$$00000004  rtentry4.o(c_w.l)
    0x08000180   0x00000000   Code   RO          470    .ARM.Collect$$rtentry$$00000009  rtentry2.o(c_w.l)
    0x08000180   0x00000004   Code   RO          471    .ARM.Collect$$rtentry$$0000000A  rtentry2.o(c_w.l)
    0x08000184   0x00000000   Code   RO          473    .ARM.Collect$$rtentry$$0000000C  rtentry2.o(c_w.l)
    0x08000184   0x00000008   Code   RO          474    .ARM.Collect$$rtentry$$0000000D  rtentry2.o(c_w.l)
    0x0800018c   0x00000000   Code   RO          513    .ARM.Collect$$rtexit$$00000000  rtexit.o(c_w.l)
    0x0800018c   0x00000000   Code   RO          524    .ARM.Collect$$rtexit$$00000002  rtexit2.o(c_w.l)
    0x0800018c   0x00000004   Code   RO          525    .ARM.Collect$$rtexit$$00000003  rtexit2.o(c_w.l)
    0x08000190   0x00000004   Code   RO          526    .ARM.Collect$$rtexit$$00000004  rtexit2.o(c_w.l)
    0x08000194   0x00000036   Code   RO            1    .text               main.o
    0x080001ca   0x0000001a   Code   RO           89    .text               stm32f10x_it.o
    0x080001e4   0x000001c8   Code   RO          124    .text               system_stm32f10x.o
    0x080003ac   0x000000e0   Code   RO          142    .text               misc.o
    0x0800048c   0x00000348   Code   RO          154    .text               stm32f10x_gpio.o
    0x080007d4   0x00000390   Code   RO          166    .text               stm32f10x_rcc.o
    0x08000b64   0x00000408   Code   RO          180    .text               stm32f10x_usart.o
    0x08000f6c   0x00000130   Code   RO          192    .text               stm32f10x_exti.o
    0x0800109c   0x00000048   Code   RO          204    .text               stm32f10x_crc.o
    0x080010e4   0x00000040   Code   RO          216    .text               stm32f10x_iwdg.o
    0x08001124   0x00000040   Code   RO          242    .text               startup_stm32f10x_md.o
    0x08001164   0x000000fc   Code   RO          246    .text               delay.o
    0x08001260   0x000000a0   Code   RO          264    .text               led.o
    0x08001300   0x00000884   Code   RO          276    .text               exti.o
    0x08001b84   0x000000f4   Code   RO          292    .text               key.o
    0x08001c78   0x0000000c   Code   RO          304    .text               crc.o
    0x08001c84   0x00000410   Code   RO          316    .text               usart.o
    0x08002094   0x00000040   Code   RO          339    .text               iwdg.o
    0x080020d4   0x00000002   Code   RO          356    .text               use_no_semi_2.o(c_w.l)
    0x080020d6   0x00000002   PAD
    0x080020d8   0x00000020   Code   RO          362    .text               noretval__2printf.o(c_w.l)
    0x080020f8   0x00000028   Code   RO          364    .text               noretval__2sprintf.o(c_w.l)
    0x08002120   0x0000006e   Code   RO          366    .text               __printf.o(c_w.l)
    0x0800218e   0x00000002   PAD
    0x08002190   0x00000070   Code   RO          368    .text               _printf_dec.o(c_w.l)
    0x08002200   0x00000078   Code   RO          390    .text               rand.o(c_w.l)
    0x08002278   0x0000000c   Code   RO          394    .text               strtok.o(c_w.l)
    0x08002284   0x00000044   Code   RO          397    .text               rt_memclr.o(c_w.l)
    0x080022c8   0x00000080   Code   RO          399    .text               strcmpv7m.o(c_w.l)
    0x08002348   0x00000006   Code   RO          401    .text               heapauxi.o(c_w.l)
    0x0800234e   0x00000002   Code   RO          405    .text               use_no_semi.o(c_w.l)
    0x08002350   0x000000ae   Code   RO          409    .text               _printf_intcommon.o(c_w.l)
    0x080023fe   0x00000002   PAD
    0x08002400   0x00000030   Code   RO          411    .text               _printf_char_common.o(c_w.l)
    0x08002430   0x0000000a   Code   RO          413    .text               _sputc.o(c_w.l)
    0x0800243a   0x00000002   PAD
    0x0800243c   0x00000048   Code   RO          420    .text               strtok_int.o(c_w.l)
    0x08002484   0x0000004e   Code   RO          422    .text               rt_memclr_w.o(c_w.l)
    0x080024d2   0x00000010   Code   RO          424    .text               rtudiv10.o(c_w.l)
    0x080024e2   0x00000020   Code   RO          487    .text               strcspn.o(c_w.l)
    0x08002502   0x0000001c   Code   RO          489    .text               strspn.o(c_w.l)
    0x0800251e   0x0000004a   Code   RO          493    .text               sys_stackheap_outer.o(c_w.l)
    0x08002568   0x0000000c   Code   RO          495    .text               exit.o(c_w.l)
    0x08002574   0x00000008   Code   RO          510    .text               libspace.o(c_w.l)
    0x0800257c   0x00000020   Data   RO          579    Region$$Table       anon$$obj.o


    Execution Region RW_IRAM1 (Base: 0x20000000, Size: 0x000008a0, Max: 0x00005000, ABSOLUTE)

    Base Addr    Size         Type   Attr      Idx    E Section Name        Object

    0x20000000   0x00000014   Data   RW          125    .data               system_stm32f10x.o
    0x20000014   0x00000014   Data   RW          167    .data               stm32f10x_rcc.o
    0x20000028   0x00000008   Data   RW          247    .data               delay.o
    0x20000030   0x00000008   Data   RW          278    .data               exti.o
    0x20000038   0x00000014   Data   RW          318    .data               usart.o
    0x2000004c   0x00000004   Data   RW          340    .data               iwdg.o
    0x20000050   0x00000008   Data   RW          392    .data               rand.o(c_w.l)
    0x20000058   0x00000004   Data   RW          395    .data               strtok.o(c_w.l)
    0x2000005c   0x00000040   Zero   RW          277    .bss                exti.o
    0x2000009c   0x000000c8   Zero   RW          317    .bss                usart.o
    0x20000164   0x000000dc   Zero   RW          391    .bss                rand.o(c_w.l)
    0x20000240   0x00000060   Zero   RW          511    .bss                libspace.o(c_w.l)
    0x200002a0   0x00000200   Zero   RW          240    HEAP                startup_stm32f10x_md.o
    0x200004a0   0x00000400   Zero   RW          239    STACK               startup_stm32f10x_md.o


==============================================================================

Image component sizes


      Code (inc. data)   RO Data    RW Data    ZI Data      Debug   Object Name

         0          0          0          0          0         20   core_cm3.o
        12          0          0          0          0        427   crc.o
       252         16          0          8          0       1378   delay.o
      2180         74          0          8         64       3737   exti.o
        64          6          0          4          0       1070   iwdg.o
       244         10          0          0          0        708   key.o
       160          6          0          0          0        531   led.o
        54          0          0          0          0     233183   main.o
       224         20          0          0          0       1725   misc.o
        64         26        236          0       1536        496   startup_stm32f10x_md.o
        72          6          0          0          0       1666   stm32f10x_crc.o
       304         14          0          0          0       2183   stm32f10x_exti.o
       840         38          0          0          0       5609   stm32f10x_gpio.o
        26          0          0          0          0       1178   stm32f10x_it.o
        64          6          0          0          0       1245   stm32f10x_iwdg.o
       912         32          0         20          0       8720   stm32f10x_rcc.o
      1032         20          0          0          0       8360   stm32f10x_usart.o
       456         36          0         20          0       1711   system_stm32f10x.o
      1040        254          0         20        200       4515   usart.o

    ----------------------------------------------------------------------
      8000        564        268         80       1800     278462   Object Totals
         0          0         32          0          0          0   (incl. Generated)
         0          0          0          0          0          0   (incl. Padding)

    ----------------------------------------------------------------------

      Code (inc. data)   RO Data    RW Data    ZI Data      Debug   Library Member Name

         8          0          0          0          0         68   __main.o
       110          0          0          0          0         84   __printf.o
        52          8          0          0          0          0   __scatter.o
        26          0          0          0          0          0   __scatter_copy.o
        28          0          0          0          0          0   __scatter_zi.o
        48          4          0          0          0         96   _printf_char_common.o
       112         16          0          0          0         92   _printf_dec.o
       174          0          0          0          0         88   _printf_intcommon.o
         0          0          0          0          0          0   _printf_percent.o
         4          0          0          0          0          0   _printf_percent_end.o
         6          0          0          0          0          0   _printf_u.o
        10          0          0          0          0         68   _sputc.o
        12          0          0          0          0         68   exit.o
         6          0          0          0          0        148   heapauxi.o
         6          0          0          0          0          0   libinit.o
         6          0          0          0          0          0   libinit2.o
         2          0          0          0          0          0   libshutdown.o
         2          0          0          0          0          0   libshutdown2.o
         8          4          0          0         96         68   libspace.o
        32          8          0          0          0         80   noretval__2printf.o
        40          6          0          0          0         80   noretval__2sprintf.o
       120         18          0          8        220        116   rand.o
        68          0          0          0          0         68   rt_memclr.o
        78          0          0          0          0         76   rt_memclr_w.o
         0          0          0          0          0          0   rtentry.o
        12          0          0          0          0          0   rtentry2.o
         6          0          0          0          0          0   rtentry4.o
         0          0          0          0          0          0   rtexit.o
         8          0          0          0          0          0   rtexit2.o
        16          0          0          0          0         68   rtudiv10.o
       128          2          0          0          0         68   strcmpv7m.o
        32          0          0          0          0         76   strcspn.o
        28          0          0          0          0         76   strspn.o
        12          6          0          4          0         68   strtok.o
        72          4          0          0          0         84   strtok_int.o
        74          0          0          0          0         80   sys_stackheap_outer.o
         2          0          0          0          0         68   use_no_semi.o
         2          0          0          0          0         68   use_no_semi_2.o

    ----------------------------------------------------------------------
      1360         76          0         12        316       1856   Library Totals
        10          0          0          0          0          0   (incl. Padding)

    ----------------------------------------------------------------------

      Code (inc. data)   RO Data    RW Data    ZI Data      Debug   Library Name

      1350         76          0         12        316       1856   c_w.l

    ----------------------------------------------------------------------
      1360         76          0         12        316       1856   Library Totals

    ----------------------------------------------------------------------

==============================================================================


      Code (inc. data)   RO Data    RW Data    ZI Data      Debug   

      9360        640        268         92       2116     277868   Grand Totals
      9360        640        268         92       2116     277868   ELF Image Totals
      9360        640        268         92          0          0   ROM Totals

==============================================================================

    Total RO  Size (Code + RO Data)                 9628 (   9.40kB)
    Total RW  Size (RW Data + ZI Data)              2208 (   2.16kB)
    Total ROM Size (Code + RO Data + RW Data)       9720 (   9.49kB)

==============================================================================

